// Jest Snapshot v1, https://jestjs.io/docs/snapshot-testing

exports[`_checkValue invalid " __lazy-wildcards/subject/__env-elem/stairs/prompts__ " 1`] = `
{
  "error": "Invalid Syntax [UNSAFE_SYNTAX] "/__" in value near "ldcards/subject/__env-elem/stairs"",
  "index": 25,
  "match": "/__",
  "near": "ldcards/subject/__env-elem/stairs",
  "value": " __lazy-wildcards/subject/__env-elem/stairs/prompts__ ",
}
`;

exports[`_checkValue invalid " __lazy-wildcards/subject/env-elem/stairs/prompts_ " 1`] = `
{
  "error": "Invalid Syntax [UNSAFE_SYNTAX] "_ " in value near "/stairs/prompts_ "",
  "index": 49,
  "match": "_ ",
  "near": "/stairs/prompts_ ",
  "value": " __lazy-wildcards/subject/env-elem/stairs/prompts_ ",
}
`;

exports[`_checkValue invalid " __lazy-wildcards/subject/env-elem__/stairs/prompts__ " 1`] = `
{
  "error": "Invalid Syntax [UNSAFE_SYNTAX] "__/" in value near "ubject/env-elem__/stairs/prompts_"",
  "index": 34,
  "match": "__/",
  "near": "ubject/env-elem__/stairs/prompts_",
  "value": " __lazy-wildcards/subject/env-elem__/stairs/prompts__ ",
}
`;

exports[`_checkValue invalid " _lazy-wildcards/subject/env-elem/stairs/prompts__ " 1`] = `
{
  "error": "Invalid Syntax [UNSAFE_SYNTAX] " _" in value near " _lazy-wildcards/"",
  "index": 0,
  "match": " _",
  "near": " _lazy-wildcards/",
  "value": " _lazy-wildcards/subject/env-elem/stairs/prompts__ ",
}
`;

exports[`_checkValue invalid " {__lazy-wildcards/subject/env-elem/stairs/prompts_} " 1`] = `
{
  "error": "Invalid Syntax [UNSAFE_SYNTAX] "_}" in value near "/stairs/prompts_} "",
  "index": 50,
  "match": "_}",
  "near": "/stairs/prompts_} ",
  "value": " {__lazy-wildcards/subject/env-elem/stairs/prompts_} ",
}
`;

exports[`_checkValue invalid " {_lazy-wildcards/subject/env-elem/stairs/prompts__} " 1`] = `
{
  "error": "Invalid Syntax [UNSAFE_SYNTAX] "{_" in value near " {_lazy-wildcards/"",
  "index": 1,
  "match": "{_",
  "near": " {_lazy-wildcards/",
  "value": " {_lazy-wildcards/subject/env-elem/stairs/prompts__} ",
}
`;

exports[`_checkValue invalid "(cum\\n{, __1/subject/costume-elem/cum/costume-elem2__|}\\n{, __2/subject/costume-elem/cum/costume-elem__|\\n{, __3/subject/costume-elem/cum-base/prompts__{0.3:::{1.2|1.3|1.4}|}|})\\n" 1`] = `
{
  "error": "Invalid Error [UNKNOWN]: TypeError: this.result.simple.push is not a function",
  "value": "(cum
{, __1/subject/costume-elem/cum/costume-elem2__|}
{, __2/subject/costume-elem/cum/costume-elem__|
{, __3/subject/costume-elem/cum-base/prompts__{0.3:::{1.2|1.3|1.4}|}|})
",
}
`;

exports[`_checkValue invalid "__costume-ethnicity-breasts/tits-rocket/fn/rocket_tits(v=!xxx)__" 1`] = `
{
  "error": "Invalid Syntax [UNSAFE_SYNTAX] "(v=!" in value near "/fn/rocket_tits(v=!xxx)__"",
  "index": 54,
  "match": "(v=!",
  "near": "/fn/rocket_tits(v=!xxx)__",
  "value": "__costume-ethnicity-breasts/tits-rocket/fn/rocket_tits(v=!xxx)__",
}
`;

exports[`_checkValue invalid "__costume-ethnicity-breasts/tits-rocket/fn/rocket_tits(v=\${x})__" 1`] = `
{
  "error": "Invalid Syntax [UNSAFE_SYNTAX] "(v=$" in value near "/fn/rocket_tits(v=\${x})__"",
  "index": 54,
  "match": "(v=$",
  "near": "/fn/rocket_tits(v=\${x})__",
  "value": "__costume-ethnicity-breasts/tits-rocket/fn/rocket_tits(v=\${x})__",
}
`;

exports[`_checkValue invalid "__costume-ethnicity-breasts/tits-rocket/fn/rocket_tits(v={x})__" 1`] = `
{
  "error": "Invalid Syntax [UNSAFE_SYNTAX] "(v={" in value near "/fn/rocket_tits(v={x})__"",
  "index": 54,
  "match": "(v={",
  "near": "/fn/rocket_tits(v={x})__",
  "value": "__costume-ethnicity-breasts/tits-rocket/fn/rocket_tits(v={x})__",
}
`;

exports[`prompts:error "prompts-bad/not-matched_001.yaml" 1`] = `"Invalid Syntax [BRACKET] Unable to parse. Unclosed Bracket detected near "it_commoner_any__". key: 0, node: cdfy/outfit_commoner_any__"`;

exports[`prompts:error "prompts-bad/not-matched_002.yaml" 1`] = `"Invalid Syntax [BRACKET] Unable to parse. Unclosed Bracket detected near "__cdfy/outfit_commoner_any". key: 0, node: __cdfy/outfit_commoner_any"`;

exports[`prompts:error "prompts-bad/not-matched_003.yaml" 1`] = `"Invalid Syntax [UNSAFE_SYNTAX] "_" in value near "_cdfy/outfit_com". key: 0, node: _cdfy/outfit_commoner_any__"`;

exports[`prompts:error "prompts-bad/not-matched_004.yaml" 1`] = `"Invalid Syntax [UNSAFE_SYNTAX] "_" in value near "it_commoner_any_". key: 0, node: __cdfy/outfit_commoner_any_"`;
